C:/Users/marcokhoo/OneDrive - Computime Limited/Project/NXP/demo/frdm_mcxa156/mcuxsdk/drivers/common/fsl_common_arm.c:126:6:MSDK_EnableCpuCycleCounter	8	static
C:/Users/marcokhoo/OneDrive - Computime Limited/Project/NXP/demo/frdm_mcxa156/mcuxsdk/drivers/common/fsl_common_arm.c:151:10:MSDK_GetCpuCycleCount	4	static
C:/Users/marcokhoo/OneDrive - Computime Limited/Project/NXP/demo/frdm_mcxa156/mcuxsdk/drivers/common/fsl_common_arm.c:187:13:DelayLoop	16	static
C:/Users/marcokhoo/OneDrive - Computime Limited/Project/NXP/demo/frdm_mcxa156/mcuxsdk/drivers/common/fsl_common_arm.c:217:6:SDK_DelayAtLeastUs	40	static
