C:/test/github/testing123/frdmmcxa156_hello_world137/frdmmcxa156/frdmmcxa156/clock_config.c:52:6:BOARD_InitBootClocks	8	static
C:/test/github/testing123/frdmmcxa156_hello_world137/frdmmcxa156/frdmmcxa156/clock_config.c:89:6:BOARD_BootClockFRO12M	24	static
C:/test/github/testing123/frdmmcxa156_hello_world137/frdmmcxa156/frdmmcxa156/clock_config.c:170:6:BOARD_BootClockFRO24M	24	static
C:/test/github/testing123/frdmmcxa156_hello_world137/frdmmcxa156/frdmmcxa156/clock_config.c:253:6:BOARD_BootClockFRO48M	24	static
C:/test/github/testing123/frdmmcxa156_hello_world137/frdmmcxa156/frdmmcxa156/clock_config.c:341:6:BOARD_BootClockFRO64M	24	static
C:/test/github/testing123/frdmmcxa156_hello_world137/frdmmcxa156/frdmmcxa156/clock_config.c:431:6:BOARD_BootClockFRO96M	24	static
